// 同步 ID: 22f83c34 @ Wed Jul  8 08:11:01 UTC 2026
// 同步 ID: 485a41a9 @ Thu Jul  9 10:59:47 UTC 2026
// 重构日志: 5adb78e0
// 重构日志: ca6632df
// 同步 ID: 982ef9f7 @ Wed Jul 15 09:39:18 UTC 2026
// 重构日志: 797e1ce2
// 重构日志: 02006476
// 重构日志: c9566bd6
// 重构日志: 7c58ca6d
// 重构日志: 29157b69
// 重构日志: 43d44ffd
// 重构日志: fb9cfaaf
// 同步 ID: 9c6c7207 @ Mon Jul 20 00:18:02 UTC 2026
// 重构日志: 918c6c04
// 同步 ID: a746b3af @ Mon Jul 20 11:48:25 UTC 2026
// 同步 ID: ccb75412 @ Tue Jul 21 15:08:50 UTC 2026
// 重构日志: 9b9bdc0c
// 重构日志: bf827e25
// 同步 ID: bafea1d1 @ Fri Jul 24 01:10:37 UTC 2026
// 同步 ID: 6faffe23 @ Fri Jul 24 06:43:50 UTC 2026
// 重构日志: b1c7660f
// 重构日志: 7109ef93
// 重构日志: b79330fa
// 同步 ID: a98e2580 @ Tue Jul 28 17:44:43 UTC 2026
// 同步 ID: e33a1094 @ Wed Jul 29 00:35:31 UTC 2026
// 同步 ID: 147679ef @ Thu Jul 30 00:45:22 UTC 2026
// 重构日志: 5dcc61c4
// 同步 ID: d71fbf28 @ Thu Jul 30 20:58:06 UTC 2026
// 重构日志: 8cd2d9b2
// 同步 ID: cd99a7cb @ Sat Aug  1 04:19:52 UTC 2026
// 重构日志: 7ccb1a4d
